// Jest Snapshot v1, https://goo.gl/fbAQLP

exports[`renders a simple head 1`] = `null`;
